<?xml version="1.0" encoding="UTF-8"?>
<!DOCTYPE plist PUBLIC "-//Apple//DTD PLIST 1.0//EN" "http://www.apple.com/DTDs/PropertyList-1.0.dtd">
<plist version="1.0">
<dict>
	<key>_reportPID</key>
	<integer>257</integer>
	<key>_reportProcessName</key>
	<string>searchd</string>
	<key>_reportTime</key>
	<string>2026-09-23-19-51-56</string>
	<key>age_corespotlight_index</key>
	<integer>56432551</integer>
	<key>age_heartbeat</key>
	<integer>56432551</integer>
	<key>config_global</key>
	<integer>0</integer>
	<key>config_locale</key>
	<string>en_US</string>
	<key>config_ota_version</key>
	<string>155</string>
	<key>data_collection_error</key>
	<integer>0</integer>
	<key>index_a_age</key>
	<integer>10297660</integer>
	<key>index_a_config</key>
	<integer>0</integer>
	<key>index_a_count_add_journaled</key>
	<integer>0</integer>
	<key>index_a_count_add_processed</key>
	<integer>0</integer>
	<key>index_a_count_add_request</key>
	<integer>0</integer>
	<key>index_a_count_delete_journaled</key>
	<integer>0</integer>
	<key>index_a_count_delete_processed</key>
	<integer>0</integer>
	<key>index_a_count_delete_request</key>
	<integer>0</integer>
	<key>index_a_count_drop</key>
	<integer>0</integer>
	<key>index_a_count_drop_total</key>
	<integer>0</integer>
	<key>index_a_count_open_clean</key>
	<integer>0</integer>
	<key>index_a_count_open_dirty</key>
	<integer>0</integer>
	<key>index_a_count_update_journaled</key>
	<integer>0</integer>
	<key>index_a_count_update_processed</key>
	<integer>0</integer>
	<key>index_a_count_update_request</key>
	<integer>0</integer>
	<key>index_a_creation_flags_index</key>
	<integer>33555266</integer>
	<key>index_a_creation_flags_sdb</key>
	<integer>75776</integer>
	<key>index_a_creation_version_spotlight</key>
	<string>2400.22</string>
	<key>index_a_max_index_gen_merge_level</key>
	<integer>1</integer>
	<key>index_a_max_journal_file_bytes</key>
	<integer>0</integer>
	<key>index_a_num_docids</key>
	<integer>375</integer>
	<key>index_a_num_file</key>
	<integer>93</integer>
	<key>index_a_num_index_gen_compacted</key>
	<integer>1</integer>
	<key>index_a_num_index_gen_non_compacted</key>
	<integer>1</integer>
	<key>index_a_num_index_gen_read_only</key>
	<integer>1</integer>
	<key>index_a_num_index_gen_writeable</key>
	<integer>1</integer>
	<key>index_a_num_journal_file</key>
	<integer>0</integer>
	<key>index_a_num_object_sdb</key>
	<integer>38</integer>
	<key>index_a_sdb_file_size_bytes</key>
	<integer>282624</integer>
	<key>index_a_sdb_shadow_file_size_bytes</key>
	<integer>282624</integer>
	<key>index_a_size_bytes</key>
	<integer>2949977</integer>
	<key>index_a_time_since_last_open_clean</key>
	<integer>92422</integer>
	<key>index_a_time_since_last_open_dirty</key>
	<integer>2034222</integer>
	<key>index_a_time_since_merge_vacuum_end</key>
	<integer>4163254</integer>
	<key>index_a_time_since_merge_vacuum_start</key>
	<integer>4163256</integer>
	<key>index_a_time_since_purge_end</key>
	<integer>10302651</integer>
	<key>index_a_time_since_purge_start</key>
	<integer>10305201</integer>
	<key>index_a_time_since_sync_end</key>
	<integer>7266</integer>
	<key>index_a_time_since_sync_start</key>
	<integer>7266</integer>
	<key>index_b_age</key>
	<integer>10297660</integer>
	<key>index_b_config</key>
	<integer>0</integer>
	<key>index_b_count_add_journaled</key>
	<integer>0</integer>
	<key>index_b_count_add_processed</key>
	<integer>0</integer>
	<key>index_b_count_add_request</key>
	<integer>0</integer>
	<key>index_b_count_delete_journaled</key>
	<integer>0</integer>
	<key>index_b_count_delete_processed</key>
	<integer>0</integer>
	<key>index_b_count_delete_request</key>
	<integer>0</integer>
	<key>index_b_count_drop</key>
	<integer>0</integer>
	<key>index_b_count_drop_total</key>
	<integer>0</integer>
	<key>index_b_count_open_clean</key>
	<integer>0</integer>
	<key>index_b_count_open_dirty</key>
	<integer>0</integer>
	<key>index_b_count_update_journaled</key>
	<integer>0</integer>
	<key>index_b_count_update_processed</key>
	<integer>0</integer>
	<key>index_b_count_update_request</key>
	<integer>0</integer>
	<key>index_b_creation_flags_index</key>
	<integer>67109698</integer>
	<key>index_b_creation_flags_sdb</key>
	<integer>75776</integer>
	<key>index_b_creation_version_spotlight</key>
	<string>2400.22</string>
	<key>index_b_max_index_gen_merge_level</key>
	<integer>1</integer>
	<key>index_b_max_journal_file_bytes</key>
	<integer>0</integer>
	<key>index_b_num_docids</key>
	<integer>2</integer>
	<key>index_b_num_file</key>
	<integer>85</integer>
	<key>index_b_num_index_gen_compacted</key>
	<integer>1</integer>
	<key>index_b_num_index_gen_non_compacted</key>
	<integer>1</integer>
	<key>index_b_num_index_gen_read_only</key>
	<integer>1</integer>
	<key>index_b_num_index_gen_writeable</key>
	<integer>1</integer>
	<key>index_b_num_journal_file</key>
	<integer>0</integer>
	<key>index_b_num_object_sdb</key>
	<integer>2</integer>
	<key>index_b_sdb_file_size_bytes</key>
	<integer>36864</integer>
	<key>index_b_sdb_shadow_file_size_bytes</key>
	<integer>36864</integer>
	<key>index_b_size_bytes</key>
	<integer>1063505</integer>
	<key>index_b_time_since_last_open_clean</key>
	<integer>92420</integer>
	<key>index_b_time_since_merge_vacuum_end</key>
	<integer>4154552</integer>
	<key>index_b_time_since_merge_vacuum_start</key>
	<integer>4163073</integer>
	<key>index_b_time_since_purge_end</key>
	<integer>10302651</integer>
	<key>index_b_time_since_purge_start</key>
	<integer>10305201</integer>
	<key>index_b_time_since_sync_end</key>
	<integer>7266</integer>
	<key>index_b_time_since_sync_start</key>
	<integer>7266</integer>
	<key>index_c_age</key>
	<integer>8287282</integer>
	<key>index_c_config</key>
	<integer>0</integer>
	<key>index_c_count_add_journaled</key>
	<integer>131</integer>
	<key>index_c_count_add_processed</key>
	<integer>14</integer>
	<key>index_c_count_add_request</key>
	<integer>131</integer>
	<key>index_c_count_delete_journaled</key>
	<integer>127</integer>
	<key>index_c_count_delete_processed</key>
	<integer>5</integer>
	<key>index_c_count_delete_request</key>
	<integer>122</integer>
	<key>index_c_count_drop</key>
	<integer>0</integer>
	<key>index_c_count_drop_total</key>
	<integer>1</integer>
	<key>index_c_count_open_clean</key>
	<integer>0</integer>
	<key>index_c_count_open_dirty</key>
	<integer>0</integer>
	<key>index_c_count_update_journaled</key>
	<integer>541</integer>
	<key>index_c_count_update_processed</key>
	<integer>836</integer>
	<key>index_c_count_update_request</key>
	<integer>362</integer>
	<key>index_c_creation_flags_index</key>
	<integer>100664130</integer>
	<key>index_c_creation_flags_sdb</key>
	<integer>75776</integer>
	<key>index_c_creation_version_spotlight</key>
	<string>2400.22</string>
	<key>index_c_max_index_gen_merge_level</key>
	<integer>1</integer>
	<key>index_c_max_journal_file_bytes</key>
	<integer>91015</integer>
	<key>index_c_num_docids</key>
	<integer>4490243</integer>
	<key>index_c_num_file</key>
	<integer>269</integer>
	<key>index_c_num_index_gen_compacted</key>
	<integer>2</integer>
	<key>index_c_num_index_gen_non_compacted</key>
	<integer>6</integer>
	<key>index_c_num_index_gen_read_only</key>
	<integer>7</integer>
	<key>index_c_num_index_gen_writeable</key>
	<integer>1</integer>
	<key>index_c_num_journal_file</key>
	<integer>2</integer>
	<key>index_c_num_object_sdb</key>
	<integer>940378</integer>
	<key>index_c_sdb_file_size_bytes</key>
	<integer>253087744</integer>
	<key>index_c_sdb_shadow_file_size_bytes</key>
	<integer>253087744</integer>
	<key>index_c_size_bytes</key>
	<integer>1832905338</integer>
	<key>index_c_time_since_defrag_end</key>
	<integer>1223077</integer>
	<key>index_c_time_since_defrag_start</key>
	<integer>1223100</integer>
	<key>index_c_time_since_last_open_clean</key>
	<integer>1884001</integer>
	<key>index_c_time_since_last_open_dirty</key>
	<integer>92420</integer>
	<key>index_c_time_since_merge_end</key>
	<integer>92236</integer>
	<key>index_c_time_since_merge_start</key>
	<integer>92385</integer>
	<key>index_c_time_since_merge_vacuum_end</key>
	<integer>4206074</integer>
	<key>index_c_time_since_merge_vacuum_start</key>
	<integer>4206328</integer>
	<key>index_c_time_since_purge_end</key>
	<integer>10302651</integer>
	<key>index_c_time_since_purge_start</key>
	<integer>10305201</integer>
	<key>index_c_time_since_sync_end</key>
	<integer>196</integer>
	<key>index_c_time_since_sync_start</key>
	<integer>197</integer>
	<key>index_cx_age</key>
	<integer>10297660</integer>
	<key>index_cx_config</key>
	<integer>0</integer>
	<key>index_cx_count_add_journaled</key>
	<integer>0</integer>
	<key>index_cx_count_add_processed</key>
	<integer>0</integer>
	<key>index_cx_count_add_request</key>
	<integer>0</integer>
	<key>index_cx_count_delete_journaled</key>
	<integer>0</integer>
	<key>index_cx_count_delete_processed</key>
	<integer>0</integer>
	<key>index_cx_count_delete_request</key>
	<integer>0</integer>
	<key>index_cx_count_drop</key>
	<integer>0</integer>
	<key>index_cx_count_drop_total</key>
	<integer>0</integer>
	<key>index_cx_count_open_clean</key>
	<integer>0</integer>
	<key>index_cx_count_open_dirty</key>
	<integer>0</integer>
	<key>index_cx_count_update_journaled</key>
	<integer>0</integer>
	<key>index_cx_count_update_processed</key>
	<integer>0</integer>
	<key>index_cx_count_update_request</key>
	<integer>0</integer>
	<key>index_cx_creation_flags_index</key>
	<integer>234881858</integer>
	<key>index_cx_creation_flags_sdb</key>
	<integer>75776</integer>
	<key>index_cx_creation_version_spotlight</key>
	<string>2400.22</string>
	<key>index_cx_max_index_gen_merge_level</key>
	<integer>1</integer>
	<key>index_cx_max_journal_file_bytes</key>
	<integer>0</integer>
	<key>index_cx_num_docids</key>
	<integer>2</integer>
	<key>index_cx_num_file</key>
	<integer>84</integer>
	<key>index_cx_num_index_gen_compacted</key>
	<integer>1</integer>
	<key>index_cx_num_index_gen_non_compacted</key>
	<integer>1</integer>
	<key>index_cx_num_index_gen_read_only</key>
	<integer>1</integer>
	<key>index_cx_num_index_gen_writeable</key>
	<integer>1</integer>
	<key>index_cx_num_journal_file</key>
	<integer>0</integer>
	<key>index_cx_num_object_sdb</key>
	<integer>2</integer>
	<key>index_cx_sdb_file_size_bytes</key>
	<integer>36864</integer>
	<key>index_cx_sdb_shadow_file_size_bytes</key>
	<integer>36864</integer>
	<key>index_cx_size_bytes</key>
	<integer>1063505</integer>
	<key>index_cx_time_since_defrag_end</key>
	<integer>3836357</integer>
	<key>index_cx_time_since_defrag_start</key>
	<integer>3836357</integer>
	<key>index_cx_time_since_last_open_clean</key>
	<integer>92421</integer>
	<key>index_cx_time_since_merge_vacuum_end</key>
	<integer>4206152</integer>
	<key>index_cx_time_since_merge_vacuum_start</key>
	<integer>4206153</integer>
	<key>index_cx_time_since_purge_end</key>
	<integer>10302651</integer>
	<key>index_cx_time_since_purge_start</key>
	<integer>10305201</integer>
	<key>index_cx_time_since_sync_end</key>
	<integer>7266</integer>
	<key>index_cx_time_since_sync_start</key>
	<integer>7266</integer>
	<key>index_mail_age</key>
	<integer>10302627</integer>
	<key>index_mail_config</key>
	<integer>0</integer>
	<key>index_mail_count_add_journaled</key>
	<integer>0</integer>
	<key>index_mail_count_add_processed</key>
	<integer>0</integer>
	<key>index_mail_count_add_request</key>
	<integer>0</integer>
	<key>index_mail_count_delete_journaled</key>
	<integer>0</integer>
	<key>index_mail_count_delete_processed</key>
	<integer>0</integer>
	<key>index_mail_count_delete_request</key>
	<integer>0</integer>
	<key>index_mail_count_drop</key>
	<integer>0</integer>
	<key>index_mail_count_open_clean</key>
	<integer>0</integer>
	<key>index_mail_count_open_dirty</key>
	<integer>0</integer>
	<key>index_mail_count_update_journaled</key>
	<integer>64</integer>
	<key>index_mail_count_update_processed</key>
	<integer>64</integer>
	<key>index_mail_count_update_request</key>
	<integer>60</integer>
	<key>index_mail_creation_flags_index</key>
	<integer>50332482</integer>
	<key>index_mail_creation_flags_sdb</key>
	<integer>75776</integer>
	<key>index_mail_creation_version_spotlight</key>
	<string>2400.22</string>
	<key>index_mail_max_index_gen_merge_level</key>
	<integer>1</integer>
	<key>index_mail_max_journal_file_bytes</key>
	<integer>638383</integer>
	<key>index_mail_num_docids</key>
	<integer>77323</integer>
	<key>index_mail_num_file</key>
	<integer>160</integer>
	<key>index_mail_num_index_gen_compacted</key>
	<integer>1</integer>
	<key>index_mail_num_index_gen_non_compacted</key>
	<integer>4</integer>
	<key>index_mail_num_index_gen_read_only</key>
	<integer>4</integer>
	<key>index_mail_num_index_gen_writeable</key>
	<integer>1</integer>
	<key>index_mail_num_journal_file</key>
	<integer>2</integer>
	<key>index_mail_num_object_sdb</key>
	<integer>17717</integer>
	<key>index_mail_sdb_file_size_bytes</key>
	<integer>8949760</integer>
	<key>index_mail_sdb_shadow_file_size_bytes</key>
	<integer>8949760</integer>
	<key>index_mail_size_bytes</key>
	<integer>189004616</integer>
	<key>index_mail_time_since_defrag_end</key>
	<integer>1223097</integer>
	<key>index_mail_time_since_defrag_start</key>
	<integer>1223100</integer>
	<key>index_mail_time_since_last_open_clean</key>
	<integer>1884001</integer>
	<key>index_mail_time_since_last_open_dirty</key>
	<integer>92422</integer>
	<key>index_mail_time_since_merge_end</key>
	<integer>13257163</integer>
	<key>index_mail_time_since_merge_start</key>
	<integer>13257163</integer>
	<key>index_mail_time_since_merge_vacuum_end</key>
	<integer>4206141</integer>
	<key>index_mail_time_since_merge_vacuum_start</key>
	<integer>4206146</integer>
	<key>index_mail_time_since_purge_end</key>
	<integer>10302651</integer>
	<key>index_mail_time_since_purge_start</key>
	<integer>10305201</integer>
	<key>index_mail_time_since_sync_end</key>
	<integer>7266</integer>
	<key>index_mail_time_since_sync_start</key>
	<integer>7266</integer>
	<key>index_priority_age</key>
	<integer>10302651</integer>
	<key>index_priority_config</key>
	<integer>0</integer>
	<key>index_priority_count_add_journaled</key>
	<integer>0</integer>
	<key>index_priority_count_add_processed</key>
	<integer>0</integer>
	<key>index_priority_count_add_request</key>
	<integer>0</integer>
	<key>index_priority_count_delete_journaled</key>
	<integer>0</integer>
	<key>index_priority_count_delete_processed</key>
	<integer>0</integer>
	<key>index_priority_count_delete_request</key>
	<integer>0</integer>
	<key>index_priority_count_drop</key>
	<integer>0</integer>
	<key>index_priority_count_drop_total</key>
	<integer>0</integer>
	<key>index_priority_count_open_clean</key>
	<integer>0</integer>
	<key>index_priority_count_open_dirty</key>
	<integer>0</integer>
	<key>index_priority_count_update_journaled</key>
	<integer>27</integer>
	<key>index_priority_count_update_processed</key>
	<integer>27</integer>
	<key>index_priority_count_update_request</key>
	<integer>27</integer>
	<key>index_priority_creation_flags_index</key>
	<integer>16778050</integer>
	<key>index_priority_creation_flags_sdb</key>
	<integer>75776</integer>
	<key>index_priority_creation_version_spotlight</key>
	<string>2400.22</string>
	<key>index_priority_max_index_gen_merge_level</key>
	<integer>1</integer>
	<key>index_priority_max_journal_file_bytes</key>
	<integer>34168</integer>
	<key>index_priority_num_docids</key>
	<integer>81261</integer>
	<key>index_priority_num_file</key>
	<integer>205</integer>
	<key>index_priority_num_index_gen_compacted</key>
	<integer>2</integer>
	<key>index_priority_num_index_gen_non_compacted</key>
	<integer>5</integer>
	<key>index_priority_num_index_gen_read_only</key>
	<integer>6</integer>
	<key>index_priority_num_index_gen_writeable</key>
	<integer>1</integer>
	<key>index_priority_num_journal_file</key>
	<integer>3</integer>
	<key>index_priority_num_object_sdb</key>
	<integer>2253</integer>
	<key>index_priority_sdb_file_size_bytes</key>
	<integer>1101824</integer>
	<key>index_priority_sdb_shadow_file_size_bytes</key>
	<integer>1101824</integer>
	<key>index_priority_size_bytes</key>
	<integer>23500587</integer>
	<key>index_priority_time_since_defrag_end</key>
	<integer>1223097</integer>
	<key>index_priority_time_since_defrag_start</key>
	<integer>1223097</integer>
	<key>index_priority_time_since_last_open_clean</key>
	<integer>593792</integer>
	<key>index_priority_time_since_last_open_dirty</key>
	<integer>92419</integer>
	<key>index_priority_time_since_merge_end</key>
	<integer>92342</integer>
	<key>index_priority_time_since_merge_start</key>
	<integer>92385</integer>
	<key>index_priority_time_since_merge_vacuum_end</key>
	<integer>4206325</integer>
	<key>index_priority_time_since_merge_vacuum_start</key>
	<integer>4206326</integer>
	<key>index_priority_time_since_purge_end</key>
	<integer>10302651</integer>
	<key>index_priority_time_since_purge_start</key>
	<integer>10305201</integer>
	<key>index_priority_time_since_sync_end</key>
	<integer>7249</integer>
	<key>index_priority_time_since_sync_start</key>
	<integer>7249</integer>
	<key>system_fs_free_space_bytes</key>
	<integer>6446231552</integer>
	<key>system_fs_mount_flags</key>
	<integer>343969944</integer>
	<key>system_fs_total_space_bytes</key>
	<integer>123348320256</integer>
	<key>system_fs_type</key>
	<string>apfs</string>
	<key>system_total_ram_gb</key>
	<integer>8</integer>
	<key>system_volume_flags</key>
	<integer>18296925792237518977</integer>
	<key>time_since_last_heartbeat</key>
	<integer>6710</integer>
	<key>time_since_launch_1</key>
	<integer>99429</integer>
	<key>time_since_launch_2</key>
	<integer>593991</integer>
	<key>time_since_launch_3</key>
	<integer>972770</integer>
	<key>time_since_software_update</key>
	<integer>5950665</integer>
	<key>version_build</key>
	<string>23G71</string>
	<key>version_build_previous</key>
	<string>23F84</string>
	<key>version_spotlight</key>
	<string>2418.6.3.9</string>
	<key>version_spotlight_previous</key>
	<string>2418.5.9.101</string>
	<key>version_train_previous</key>
	<string>23F84</string>
</dict>
</plist>
